// Jest Snapshot v1, https://goo.gl/fbAQLP

exports[`<BookInfo> component render correctly 1`] = `ShallowWrapper {}`;

exports[`<BookInfoList> component render correctly 1`] = `ShallowWrapper {}`;
