// Jest Snapshot v1, https://goo.gl/fbAQLP

exports[`<SearchBar> Component render correctly 1`] = `ShallowWrapper {}`;
