// Jest Snapshot v1, https://goo.gl/fbAQLP

exports[`<LibraryRegistrationPanelHeader> Component render correctly 1`] = `ShallowWrapper {}`;
