// Jest Snapshot v1, https://goo.gl/fbAQLP

exports[`<LibraryList> Component render correctly 1`] = `ShallowWrapper {}`;
